Built from '6000.4/staging' branch; Version is '6000.4.1f1 (8535861f39e1) revision 8729990'; Using compiler version '194234433'; Build Type 'Release'
OS: 'Windows 11  (10.0.26200) Core' Language: 'ja' Physical Memory: 16312 MB
BatchMode: 1, IsHumanControllingUs: 0, StartBugReporterOnCrash: 0, Is64bit: 1
System  architecture: x64
Process architecture: x64
Date: 2026-07-21T20:11:36Z
[Licensing::Module] Trying to connect to existing licensing client channel...
[Licensing::IpcConnector] Successfully connected to: "LicenseClient-user" at "2026-07-21T20:11:36.1329237Z"

COMMAND LINE ARGUMENTS:
C:\Program Files\Unity\Hub\Editor\6000.4.1f1\Editor\Unity.exe
-batchmode
-nographics
-quit
-projectPath
G:\source\repos\unity\Pachimon
-logFile
G:\source\repos\unity\Pachimon\tmp\v0.2-phase1-compile.log
Successfully changed project path to: G:\source\repos\unity\Pachimon
G:/source/repos/unity/Pachimon
Exiting without the bug reporter. Application will terminate with return code 1